// Jest Snapshot v1, https://goo.gl/fbAQLP

exports[`<TradingView /> dark: renders correctly 1`] = `
<View
  style={
    Object {
      "flex": 1,
    }
  }
>
  <RCTWebView
    allowsInlineMediaPlayback={undefined}
    automaticallyAdjustContentInsets={undefined}
    bounces={undefined}
    contentInset={undefined}
    dataDetectorTypes={undefined}
    decelerationRate={undefined}
    injectedJavaScript={undefined}
    mediaPlaybackRequiresUserAction={undefined}
    messagingEnabled={false}
    onLoadingError={[Function]}
    onLoadingFinish={[Function]}
    onLoadingStart={[Function]}
    onMessage={[Function]}
    onShouldStartLoadWithRequest={undefined}
    scalesPageToFit={true}
    scrollEnabled={undefined}
    source={
      Object {
        "uri": "https://s3-ap-southeast-1.amazonaws.com/tokenjar/mobile_white.html",
      }
    }
    style={
      Array [
        Object {
          "flex": 1,
        },
        Object {
          "backgroundColor": "#ffffff",
        },
        Array [
          Object {
            "flexBasis": 0,
            "flexGrow": 1,
            "flexShrink": 1,
            "width": "100%",
          },
          undefined,
        ],
      ]
    }
  />
</View>
`;

exports[`<TradingView /> light: renders correctly 1`] = `
<View
  style={
    Object {
      "flex": 1,
    }
  }
>
  <RCTWebView
    allowsInlineMediaPlayback={undefined}
    automaticallyAdjustContentInsets={undefined}
    bounces={undefined}
    contentInset={undefined}
    dataDetectorTypes={undefined}
    decelerationRate={undefined}
    injectedJavaScript={undefined}
    mediaPlaybackRequiresUserAction={undefined}
    messagingEnabled={false}
    onLoadingError={[Function]}
    onLoadingFinish={[Function]}
    onLoadingStart={[Function]}
    onMessage={[Function]}
    onShouldStartLoadWithRequest={undefined}
    scalesPageToFit={true}
    scrollEnabled={undefined}
    source={
      Object {
        "uri": "https://s3-ap-southeast-1.amazonaws.com/tokenjar/mobile_white.html",
      }
    }
    style={
      Array [
        Object {
          "flex": 1,
        },
        Object {
          "backgroundColor": "#ffffff",
        },
        Array [
          Object {
            "flexBasis": 0,
            "flexGrow": 1,
            "flexShrink": 1,
            "width": "100%",
          },
          undefined,
        ],
      ]
    }
  />
</View>
`;
